// Jest Snapshot v1, https://goo.gl/fbAQLP

exports[`Button should render correctly 1`] = `ShallowWrapper {}`;

exports[`renders correctly 1`] = `ShallowWrapper {}`;
